FlightController_Impl_SW_FlightController.c:8:6:HAMR_Simple_V4_SW_FlightController_Impl_SW_FlightController_initialise_	8	static
FlightController_Impl_SW_FlightController.c:14:6:HAMR_Simple_V4_SW_FlightController_Impl_SW_FlightController_finalise_	8	static
FlightController_Impl_SW_FlightController.c:18:6:HAMR_Simple_V4_SW_FlightController_Impl_SW_FlightController_handle_FlightPlan_raw	8	static
FlightController_Impl_SW_FlightController.c:27:6:HAMR_Simple_V4_SW_FlightController_Impl_SW_FlightController_handle_FlightPlan_	8	static
