FlightController_Impl_SW_FlightController_api.c:6:6:api_get_FlightPlan__HAMR_Simple_V4_SW_FlightController_Impl_SW_FlightController	144	static
FlightController_Impl_SW_FlightController_api.c:37:6:api_logInfo__HAMR_Simple_V4_SW_FlightController_Impl_SW_FlightController	64	static
FlightController_Impl_SW_FlightController_api.c:52:6:api_logDebug__HAMR_Simple_V4_SW_FlightController_Impl_SW_FlightController	64	static
FlightController_Impl_SW_FlightController_api.c:67:6:api_logError__HAMR_Simple_V4_SW_FlightController_Impl_SW_FlightController	64	static
FlightController_Impl_SW_FlightController_api.c:82:6:HAMR_Simple_V4_SW_FlightController_Impl_SW_FlightController_initialise	8	static
FlightController_Impl_SW_FlightController_api.c:90:6:HAMR_Simple_V4_SW_FlightController_Impl_SW_FlightController_finalise	8	static
FlightController_Impl_SW_FlightController_api.c:98:6:HAMR_Simple_V4_SW_FlightController_Impl_SW_FlightController_handle_FlightPlan	8	static
