HAMR_Simple_V4_SW_RadioDriver_Impl_SW_Radio_Bridge_EntryPoints.h:31:10:HAMR_Simple_V4_SW_RadioDriver_Impl_SW_Radio_Bridge_EntryPoints__is	8	static
HAMR_Simple_V4_SW_RadioDriver_Impl_SW_Radio_Bridge_EntryPoints.h:35:71:HAMR_Simple_V4_SW_RadioDriver_Impl_SW_Radio_Bridge_EntryPoints__as	16	static
HAMR_Simple_V4_SW_RadioDriver_Impl_SW_Radio_Bridge_EntryPoints.c:5:3:HAMR_Simple_V4_SW_RadioDriver_Impl_SW_Radio_Bridge_EntryPoints__eq	32	static
HAMR_Simple_V4_SW_RadioDriver_Impl_SW_Radio_Bridge_EntryPoints.h:25:10:HAMR_Simple_V4_SW_RadioDriver_Impl_SW_Radio_Bridge_EntryPoints__ne	16	static
HAMR_Simple_V4_SW_RadioDriver_Impl_SW_Radio_Bridge_EntryPoints.c:18:6:HAMR_Simple_V4_SW_RadioDriver_Impl_SW_Radio_Bridge_EntryPoints_string_	112	static
HAMR_Simple_V4_SW_RadioDriver_Impl_SW_Radio_Bridge_EntryPoints.c:38:6:HAMR_Simple_V4_SW_RadioDriver_Impl_SW_Radio_Bridge_EntryPoints_cprint	192	static
HAMR_Simple_V4_SW_RadioDriver_Impl_SW_Radio_Bridge_EntryPoints.c:62:6:HAMR_Simple_V4_SW_RadioDriver_Impl_SW_Radio_Bridge_EntryPoints_apply	176	static
HAMR_Simple_V4_SW_RadioDriver_Impl_SW_Radio_Bridge_EntryPoints.c:104:6:HAMR_Simple_V4_SW_RadioDriver_Impl_SW_Radio_Bridge_EntryPoints_initialise_	16	static
HAMR_Simple_V4_SW_RadioDriver_Impl_SW_Radio_Bridge_EntryPoints.c:118:6:HAMR_Simple_V4_SW_RadioDriver_Impl_SW_Radio_Bridge_EntryPoints_filter_	496	static
HAMR_Simple_V4_SW_RadioDriver_Impl_SW_Radio_Bridge_EntryPoints.c:178:6:HAMR_Simple_V4_SW_RadioDriver_Impl_SW_Radio_Bridge_EntryPoints_compute_	2576	static
HAMR_Simple_V4_SW_RadioDriver_Impl_SW_Radio_Bridge_EntryPoints.c:245:6:HAMR_Simple_V4_SW_RadioDriver_Impl_SW_Radio_Bridge_EntryPoints_finalise_	8	static
