HAMR_Simple_V4_RadioDriver_Impl_SW_Radio_App.c:347:6:HAMR_Simple_V4_RadioDriver_Impl_SW_Radio_App_touch_printDataContent	368	static
HAMR_Simple_V4_RadioDriver_Impl_SW_Radio_App.c:366:6:HAMR_Simple_V4_RadioDriver_Impl_SW_Radio_App_touch	8	static
HAMR_Simple_V4_RadioDriver_Impl_SW_Radio_App.c:494:6:HAMR_Simple_V4_RadioDriver_Impl_SW_Radio_App_init_entryPoints	16	static
HAMR_Simple_V4_RadioDriver_Impl_SW_Radio_App.c:502:6:HAMR_Simple_V4_RadioDriver_Impl_SW_Radio_App_init_appPortId	16	static
HAMR_Simple_V4_RadioDriver_Impl_SW_Radio_App.c:520:6:HAMR_Simple_V4_RadioDriver_Impl_SW_Radio_App_init_AttestationTesterResponsePortId	16	static
HAMR_Simple_V4_RadioDriver_Impl_SW_Radio_App.c:528:6:HAMR_Simple_V4_RadioDriver_Impl_SW_Radio_App_init_AttestationTesterResponsePortIdOpt	32	static
HAMR_Simple_V4_RadioDriver_Impl_SW_Radio_App.c:11:6:HAMR_Simple_V4_RadioDriver_Impl_SW_Radio_App_init	16	static
HAMR_Simple_V4_RadioDriver_Impl_SW_Radio_App.c:22:24:HAMR_Simple_V4_RadioDriver_Impl_SW_Radio_App_entryPoints	16	static
HAMR_Simple_V4_RadioDriver_Impl_SW_Radio_App.c:211:6:HAMR_Simple_V4_RadioDriver_Impl_SW_Radio_App_initialise	16	static
HAMR_Simple_V4_RadioDriver_Impl_SW_Radio_App.c:485:6:HAMR_Simple_V4_RadioDriver_Impl_SW_Radio_App_finalise	16	static
HAMR_Simple_V4_RadioDriver_Impl_SW_Radio_App.c:333:6:HAMR_Simple_V4_RadioDriver_Impl_SW_Radio_App_exit	16	static
HAMR_Simple_V4_RadioDriver_Impl_SW_Radio_App.c:183:6:HAMR_Simple_V4_RadioDriver_Impl_SW_Radio_App_atExit	8	static
HAMR_Simple_V4_RadioDriver_Impl_SW_Radio_App.c:27:3:HAMR_Simple_V4_RadioDriver_Impl_SW_Radio_App_appPortId	16	static
HAMR_Simple_V4_RadioDriver_Impl_SW_Radio_App.c:510:6:HAMR_Simple_V4_RadioDriver_Impl_SW_Radio_App_init_appPortIdOpt	32	static
HAMR_Simple_V4_RadioDriver_Impl_SW_Radio_App.c:32:15:HAMR_Simple_V4_RadioDriver_Impl_SW_Radio_App_appPortIdOpt	16	static
HAMR_Simple_V4_RadioDriver_Impl_SW_Radio_App.c:37:3:HAMR_Simple_V4_RadioDriver_Impl_SW_Radio_App_AttestationTesterResponsePortId	16	static
HAMR_Simple_V4_RadioDriver_Impl_SW_Radio_App.c:42:15:HAMR_Simple_V4_RadioDriver_Impl_SW_Radio_App_AttestationTesterResponsePortIdOpt	16	static
HAMR_Simple_V4_RadioDriver_Impl_SW_Radio_App.c:192:6:HAMR_Simple_V4_RadioDriver_Impl_SW_Radio_App_initialiseArchitecture	16	static
HAMR_Simple_V4_RadioDriver_Impl_SW_Radio_App.c:238:6:HAMR_Simple_V4_RadioDriver_Impl_SW_Radio_App_compute	4688	static
HAMR_Simple_V4_RadioDriver_Impl_SW_Radio_App.c:47:3:HAMR_Simple_V4_RadioDriver_Impl_SW_Radio_App_main	4304	static
