HAMR_Simple_V4_FlightController_Impl_SW_FlightController_App.c:445:6:HAMR_Simple_V4_FlightController_Impl_SW_FlightController_App_touch_printDataContent	368	static
HAMR_Simple_V4_FlightController_Impl_SW_FlightController_App.c:464:6:HAMR_Simple_V4_FlightController_Impl_SW_FlightController_App_touch	8	static
HAMR_Simple_V4_FlightController_Impl_SW_FlightController_App.c:564:6:HAMR_Simple_V4_FlightController_Impl_SW_FlightController_App_init_entryPoints	16	static
HAMR_Simple_V4_FlightController_Impl_SW_FlightController_App.c:572:6:HAMR_Simple_V4_FlightController_Impl_SW_FlightController_App_init_appPortId	16	static
HAMR_Simple_V4_FlightController_Impl_SW_FlightController_App.c:590:6:HAMR_Simple_V4_FlightController_Impl_SW_FlightController_App_init_FlightPlanPortId	16	static
HAMR_Simple_V4_FlightController_Impl_SW_FlightController_App.c:608:6:HAMR_Simple_V4_FlightController_Impl_SW_FlightController_App_init_AlertPortId	16	static
HAMR_Simple_V4_FlightController_Impl_SW_FlightController_App.c:616:6:HAMR_Simple_V4_FlightController_Impl_SW_FlightController_App_init_AlertPortIdOpt	32	static
HAMR_Simple_V4_FlightController_Impl_SW_FlightController_App.c:13:6:HAMR_Simple_V4_FlightController_Impl_SW_FlightController_App_init	16	static
HAMR_Simple_V4_FlightController_Impl_SW_FlightController_App.c:26:24:HAMR_Simple_V4_FlightController_Impl_SW_FlightController_App_entryPoints	16	static
HAMR_Simple_V4_FlightController_Impl_SW_FlightController_App.c:230:6:HAMR_Simple_V4_FlightController_Impl_SW_FlightController_App_initialise	16	static
HAMR_Simple_V4_FlightController_Impl_SW_FlightController_App.c:555:6:HAMR_Simple_V4_FlightController_Impl_SW_FlightController_App_finalise	16	static
HAMR_Simple_V4_FlightController_Impl_SW_FlightController_App.c:431:6:HAMR_Simple_V4_FlightController_Impl_SW_FlightController_App_exit	16	static
HAMR_Simple_V4_FlightController_Impl_SW_FlightController_App.c:197:6:HAMR_Simple_V4_FlightController_Impl_SW_FlightController_App_atExit	8	static
HAMR_Simple_V4_FlightController_Impl_SW_FlightController_App.c:31:3:HAMR_Simple_V4_FlightController_Impl_SW_FlightController_App_appPortId	16	static
HAMR_Simple_V4_FlightController_Impl_SW_FlightController_App.c:580:6:HAMR_Simple_V4_FlightController_Impl_SW_FlightController_App_init_appPortIdOpt	32	static
HAMR_Simple_V4_FlightController_Impl_SW_FlightController_App.c:36:15:HAMR_Simple_V4_FlightController_Impl_SW_FlightController_App_appPortIdOpt	16	static
HAMR_Simple_V4_FlightController_Impl_SW_FlightController_App.c:41:3:HAMR_Simple_V4_FlightController_Impl_SW_FlightController_App_FlightPlanPortId	16	static
HAMR_Simple_V4_FlightController_Impl_SW_FlightController_App.c:598:6:HAMR_Simple_V4_FlightController_Impl_SW_FlightController_App_init_FlightPlanPortIdOpt	32	static
HAMR_Simple_V4_FlightController_Impl_SW_FlightController_App.c:46:15:HAMR_Simple_V4_FlightController_Impl_SW_FlightController_App_FlightPlanPortIdOpt	16	static
HAMR_Simple_V4_FlightController_Impl_SW_FlightController_App.c:51:3:HAMR_Simple_V4_FlightController_Impl_SW_FlightController_App_AlertPortId	16	static
HAMR_Simple_V4_FlightController_Impl_SW_FlightController_App.c:56:15:HAMR_Simple_V4_FlightController_Impl_SW_FlightController_App_AlertPortIdOpt	16	static
HAMR_Simple_V4_FlightController_Impl_SW_FlightController_App.c:206:6:HAMR_Simple_V4_FlightController_Impl_SW_FlightController_App_initialiseArchitecture	16	static
HAMR_Simple_V4_FlightController_Impl_SW_FlightController_App.c:275:6:HAMR_Simple_V4_FlightController_Impl_SW_FlightController_App_compute	6528	static
HAMR_Simple_V4_FlightController_Impl_SW_FlightController_App.c:61:3:HAMR_Simple_V4_FlightController_Impl_SW_FlightController_App_main	4320	static
