HAMR_Simple_V4_IPCPorts.c:11:6:HAMR_Simple_V4_IPCPorts_init	8	static
HAMR_Simple_V4_IPCPorts.c:22:3:HAMR_Simple_V4_IPCPorts_AttestationTester_Impl_SW_AttestationTester_App	8	static
HAMR_Simple_V4_IPCPorts.c:27:3:HAMR_Simple_V4_IPCPorts_RadioDriver_Impl_SW_Radio_App	8	static
HAMR_Simple_V4_IPCPorts.c:32:3:HAMR_Simple_V4_IPCPorts_FlightPlanner_Impl_SW_FlightPlanner_App	8	static
HAMR_Simple_V4_IPCPorts.c:37:3:HAMR_Simple_V4_IPCPorts_FlightController_Impl_SW_FlightController_App	8	static
HAMR_Simple_V4_IPCPorts.c:42:3:HAMR_Simple_V4_IPCPorts_Main	8	static
HAMR_Simple_V4_IPCPorts.c:47:6:HAMR_Simple_V4_IPCPorts_emptyReceiveOut	2144	static
HAMR_Simple_V4_IPCPorts.c:57:6:HAMR_Simple_V4_IPCPorts_emptyReceiveAsyncOut	2144	static
HAMR_Simple_V4_IPCPorts.c:67:6:HAMR_Simple_V4_IPCPorts_init_AttestationTester_Impl_SW_AttestationTester_App	8	static
HAMR_Simple_V4_IPCPorts.c:75:6:HAMR_Simple_V4_IPCPorts_init_RadioDriver_Impl_SW_Radio_App	8	static
HAMR_Simple_V4_IPCPorts.c:83:6:HAMR_Simple_V4_IPCPorts_init_FlightPlanner_Impl_SW_FlightPlanner_App	8	static
HAMR_Simple_V4_IPCPorts.c:91:6:HAMR_Simple_V4_IPCPorts_init_FlightController_Impl_SW_FlightController_App	8	static
HAMR_Simple_V4_IPCPorts.c:99:6:HAMR_Simple_V4_IPCPorts_init_Main	8	static
