HAMR_Simple_V4_ArtNix.c:110:6:HAMR_Simple_V4_ArtNix_run	8	static
HAMR_Simple_V4_ArtNix.c:114:6:HAMR_Simple_V4_ArtNix_logInfo	48	static
HAMR_Simple_V4_ArtNix.c:147:6:HAMR_Simple_V4_ArtNix_logDebug	48	static
HAMR_Simple_V4_ArtNix.c:180:6:HAMR_Simple_V4_ArtNix_logError	48	static
HAMR_Simple_V4_ArtNix.c:419:6:HAMR_Simple_V4_ArtNix_init_maxPortIds	16	static
HAMR_Simple_V4_ArtNix.c:427:6:HAMR_Simple_V4_ArtNix_init_timeTriggered	32	static
HAMR_Simple_V4_ArtNix.c:437:6:HAMR_Simple_V4_ArtNix_init_noData	32	static
HAMR_Simple_V4_ArtNix.c:523:6:HAMR_Simple_V4_ArtNix_init_eventInPorts	160	static
HAMR_Simple_V4_ArtNix.c:549:6:HAMR_Simple_V4_ArtNix_init_outgoing	33440	static
HAMR_Simple_V4_ArtNix.c:15:6:HAMR_Simple_V4_ArtNix_init	16	static
HAMR_Simple_V4_ArtNix.c:30:3:HAMR_Simple_V4_ArtNix_maxPortIds	16	static
HAMR_Simple_V4_ArtNix.c:457:6:HAMR_Simple_V4_ArtNix_init_connection	13024	static
HAMR_Simple_V4_ArtNix.c:35:19:HAMR_Simple_V4_ArtNix_timeTriggered	16	static
HAMR_Simple_V4_ArtNix.c:40:15:HAMR_Simple_V4_ArtNix_noData	16	static
HAMR_Simple_V4_ArtNix.c:447:6:HAMR_Simple_V4_ArtNix_init_data	33440	static
HAMR_Simple_V4_ArtNix.c:539:6:HAMR_Simple_V4_ArtNix_init_frozen	33440	static
HAMR_Simple_V4_ArtNix.c:45:11:HAMR_Simple_V4_ArtNix_data	16	static
HAMR_Simple_V4_ArtNix.c:99:6:HAMR_Simple_V4_ArtNix_updateData	2128	static
HAMR_Simple_V4_ArtNix.c:50:11:HAMR_Simple_V4_ArtNix_connection	16	static
HAMR_Simple_V4_ArtNix.c:55:11:HAMR_Simple_V4_ArtNix_eventInPorts	16	static
HAMR_Simple_V4_ArtNix.c:60:11:HAMR_Simple_V4_ArtNix_frozen	16	static
HAMR_Simple_V4_ArtNix.c:213:6:HAMR_Simple_V4_ArtNix_getValue	32	static
HAMR_Simple_V4_ArtNix.c:65:6:HAMR_Simple_V4_ArtNix_frozen_a	16	static
HAMR_Simple_V4_ArtNix.c:396:6:HAMR_Simple_V4_ArtNix_receiveInput	48	static
HAMR_Simple_V4_ArtNix.c:70:11:HAMR_Simple_V4_ArtNix_outgoing	16	static
HAMR_Simple_V4_ArtNix.c:219:6:HAMR_Simple_V4_ArtNix_putValue	2128	static
HAMR_Simple_V4_ArtNix.c:250:6:HAMR_Simple_V4_ArtNix_sendOutput	2176	static
HAMR_Simple_V4_ArtNix.c:75:6:HAMR_Simple_V4_ArtNix_outgoing_a	16	static
HAMR_Simple_V4_ArtNix.c:80:3:HAMR_Simple_V4_ArtNix_isTimeDispatch	16	static
HAMR_Simple_V4_ArtNix.c:348:6:HAMR_Simple_V4_ArtNix_dispatchStatus	368	static
HAMR_Simple_V4_ArtNix.c:85:6:HAMR_Simple_V4_ArtNix_isTimeDispatch_a	16	static
HAMR_Simple_V4_ArtNix.c:90:6:HAMR_Simple_V4_ArtNix_eventDispatch	16	static
HAMR_Simple_V4_ArtNix.c:559:6:HAMR_Simple_V4_ArtNix_init_isTimeDispatch	8	static
