art_DispatchPropertyProtocol_Periodic.h:15:10:art_DispatchPropertyProtocol_Periodic__ne	8	static
art_DispatchPropertyProtocol_Periodic.h:21:10:art_DispatchPropertyProtocol_Periodic__is	8	static
art_DispatchPropertyProtocol_Periodic.h:25:46:art_DispatchPropertyProtocol_Periodic__as	16	static
art_DispatchPropertyProtocol_Periodic.c:5:3:art_DispatchPropertyProtocol_Periodic__eq	8	static
art_DispatchPropertyProtocol_Periodic.c:12:6:art_DispatchPropertyProtocol_Periodic_string_	96	static
art_DispatchPropertyProtocol_Periodic.c:19:6:art_DispatchPropertyProtocol_Periodic_cprint	128	static
art_DispatchPropertyProtocol_Periodic.c:30:6:art_DispatchPropertyProtocol_Periodic_apply	8	static
