AttestationTester_Impl_SW_AttestationTester_api.c:6:6:api_get_AttestationRequest__HAMR_Simple_V4_SW_AttestationTester_Impl_SW_AttestationTester	2160	static
AttestationTester_Impl_SW_AttestationTester_api.c:37:6:api_put_AttestationResponse__HAMR_Simple_V4_SW_AttestationTester_Impl_SW_AttestationTester	2144	static
AttestationTester_Impl_SW_AttestationTester_api.c:64:6:api_logInfo__HAMR_Simple_V4_SW_AttestationTester_Impl_SW_AttestationTester	64	static
AttestationTester_Impl_SW_AttestationTester_api.c:79:6:api_logDebug__HAMR_Simple_V4_SW_AttestationTester_Impl_SW_AttestationTester	64	static
AttestationTester_Impl_SW_AttestationTester_api.c:94:6:api_logError__HAMR_Simple_V4_SW_AttestationTester_Impl_SW_AttestationTester	64	static
AttestationTester_Impl_SW_AttestationTester_api.c:109:6:HAMR_Simple_V4_SW_AttestationTester_Impl_SW_AttestationTester_initialise	8	static
AttestationTester_Impl_SW_AttestationTester_api.c:117:6:HAMR_Simple_V4_SW_AttestationTester_Impl_SW_AttestationTester_finalise	8	static
AttestationTester_Impl_SW_AttestationTester_api.c:125:6:HAMR_Simple_V4_SW_AttestationTester_Impl_SW_AttestationTester_handle_AttestationRequest	8	static
