AttestationTester_Impl_SW_AttestationTester.c:7:6:HAMR_Simple_V4_SW_AttestationTester_Impl_SW_AttestationTester_initialise_	2176	static
AttestationTester_Impl_SW_AttestationTester.c:23:6:HAMR_Simple_V4_SW_AttestationTester_Impl_SW_AttestationTester_finalise_	8	static
AttestationTester_Impl_SW_AttestationTester.c:27:6:HAMR_Simple_V4_SW_AttestationTester_Impl_SW_AttestationTester_handle_AttestationRequest_raw	432	static
AttestationTester_Impl_SW_AttestationTester.c:40:6:HAMR_Simple_V4_SW_AttestationTester_Impl_SW_AttestationTester_handle_AttestationRequest_	400	static
