HAMR_Simple_V4_SW_RadioDriver_Impl_SW_Radio_Bridge_EntryPoints.h:29:10:HAMR_Simple_V4_SW_RadioDriver_Impl_SW_Radio_Bridge_EntryPoints__is	8	static
HAMR_Simple_V4_SW_RadioDriver_Impl_SW_Radio_Bridge_EntryPoints.h:33:71:HAMR_Simple_V4_SW_RadioDriver_Impl_SW_Radio_Bridge_EntryPoints__as	16	static
HAMR_Simple_V4_SW_RadioDriver_Impl_SW_Radio_Bridge_EntryPoints.c:5:3:HAMR_Simple_V4_SW_RadioDriver_Impl_SW_Radio_Bridge_EntryPoints__eq	32	static
HAMR_Simple_V4_SW_RadioDriver_Impl_SW_Radio_Bridge_EntryPoints.h:23:10:HAMR_Simple_V4_SW_RadioDriver_Impl_SW_Radio_Bridge_EntryPoints__ne	16	static
HAMR_Simple_V4_SW_RadioDriver_Impl_SW_Radio_Bridge_EntryPoints.c:16:6:HAMR_Simple_V4_SW_RadioDriver_Impl_SW_Radio_Bridge_EntryPoints_string_	112	static
HAMR_Simple_V4_SW_RadioDriver_Impl_SW_Radio_Bridge_EntryPoints.c:32:6:HAMR_Simple_V4_SW_RadioDriver_Impl_SW_Radio_Bridge_EntryPoints_cprint	192	static
HAMR_Simple_V4_SW_RadioDriver_Impl_SW_Radio_Bridge_EntryPoints.c:52:6:HAMR_Simple_V4_SW_RadioDriver_Impl_SW_Radio_Bridge_EntryPoints_apply	192	static
HAMR_Simple_V4_SW_RadioDriver_Impl_SW_Radio_Bridge_EntryPoints.c:90:6:HAMR_Simple_V4_SW_RadioDriver_Impl_SW_Radio_Bridge_EntryPoints_initialise_	16	static
HAMR_Simple_V4_SW_RadioDriver_Impl_SW_Radio_Bridge_EntryPoints.c:104:6:HAMR_Simple_V4_SW_RadioDriver_Impl_SW_Radio_Bridge_EntryPoints_filter_	496	static
HAMR_Simple_V4_SW_RadioDriver_Impl_SW_Radio_Bridge_EntryPoints.c:157:6:HAMR_Simple_V4_SW_RadioDriver_Impl_SW_Radio_Bridge_EntryPoints_compute_	624	static
HAMR_Simple_V4_SW_RadioDriver_Impl_SW_Radio_Bridge_EntryPoints.c:203:6:HAMR_Simple_V4_SW_RadioDriver_Impl_SW_Radio_Bridge_EntryPoints_finalise_	8	static
