HAMR_Simple_V4_SW_RadioDriver_Impl_SW_Radio_Bridge.h:38:10:HAMR_Simple_V4_SW_RadioDriver_Impl_SW_Radio_Bridge__is	8	static
HAMR_Simple_V4_SW_RadioDriver_Impl_SW_Radio_Bridge.h:42:59:HAMR_Simple_V4_SW_RadioDriver_Impl_SW_Radio_Bridge__as	16	static
HAMR_Simple_V4_SW_RadioDriver_Impl_SW_Radio_Bridge.c:38:3:HAMR_Simple_V4_SW_RadioDriver_Impl_SW_Radio_Bridge__eq	32	static
HAMR_Simple_V4_SW_RadioDriver_Impl_SW_Radio_Bridge.h:32:10:HAMR_Simple_V4_SW_RadioDriver_Impl_SW_Radio_Bridge__ne	16	static
HAMR_Simple_V4_SW_RadioDriver_Impl_SW_Radio_Bridge.c:51:6:HAMR_Simple_V4_SW_RadioDriver_Impl_SW_Radio_Bridge_string_	144	static
HAMR_Simple_V4_SW_RadioDriver_Impl_SW_Radio_Bridge.c:71:6:HAMR_Simple_V4_SW_RadioDriver_Impl_SW_Radio_Bridge_cprint	240	static
HAMR_Simple_V4_SW_RadioDriver_Impl_SW_Radio_Bridge.c:177:6:HAMR_Simple_V4_SW_RadioDriver_Impl_SW_Radio_Bridge_init_c_initialization_api	32	static
HAMR_Simple_V4_SW_RadioDriver_Impl_SW_Radio_Bridge.c:187:6:HAMR_Simple_V4_SW_RadioDriver_Impl_SW_Radio_Bridge_init_c_operational_api	32	static
HAMR_Simple_V4_SW_RadioDriver_Impl_SW_Radio_Bridge.c:8:6:HAMR_Simple_V4_SW_RadioDriver_Impl_SW_Radio_Bridge_init	16	static
HAMR_Simple_V4_SW_RadioDriver_Impl_SW_Radio_Bridge.c:16:15:HAMR_Simple_V4_SW_RadioDriver_Impl_SW_Radio_Bridge_c_initialization_api	16	static
HAMR_Simple_V4_SW_RadioDriver_Impl_SW_Radio_Bridge.c:21:6:HAMR_Simple_V4_SW_RadioDriver_Impl_SW_Radio_Bridge_c_initialization_api_a	16	static
HAMR_Simple_V4_SW_RadioDriver_Impl_SW_Radio_Bridge.c:26:15:HAMR_Simple_V4_SW_RadioDriver_Impl_SW_Radio_Bridge_c_operational_api	16	static
HAMR_Simple_V4_SW_RadioDriver_Impl_SW_Radio_Bridge.c:31:6:HAMR_Simple_V4_SW_RadioDriver_Impl_SW_Radio_Bridge_c_operational_api_a	16	static
HAMR_Simple_V4_SW_RadioDriver_Impl_SW_Radio_Bridge.c:95:6:HAMR_Simple_V4_SW_RadioDriver_Impl_SW_Radio_Bridge_apply	9312	dynamic,bounded
