HAMR_Simple_V4_SW_FlightController_Impl_Operational_Api.h:23:10:HAMR_Simple_V4_SW_FlightController_Impl_Operational_Api__is	8	static
HAMR_Simple_V4_SW_FlightController_Impl_Operational_Api.h:27:64:HAMR_Simple_V4_SW_FlightController_Impl_Operational_Api__as	16	static
HAMR_Simple_V4_SW_FlightController_Impl_Operational_Api.c:5:3:HAMR_Simple_V4_SW_FlightController_Impl_Operational_Api__eq	8	static
HAMR_Simple_V4_SW_FlightController_Impl_Operational_Api.h:17:10:HAMR_Simple_V4_SW_FlightController_Impl_Operational_Api__ne	8	static
HAMR_Simple_V4_SW_FlightController_Impl_Operational_Api.c:14:6:HAMR_Simple_V4_SW_FlightController_Impl_Operational_Api_string_	144	static
HAMR_Simple_V4_SW_FlightController_Impl_Operational_Api.c:26:6:HAMR_Simple_V4_SW_FlightController_Impl_Operational_Api_cprint	224	static
HAMR_Simple_V4_SW_FlightController_Impl_Operational_Api.c:42:6:HAMR_Simple_V4_SW_FlightController_Impl_Operational_Api_apply	8	static
HAMR_Simple_V4_SW_FlightController_Impl_Operational_Api.c:66:6:HAMR_Simple_V4_SW_FlightController_Impl_Operational_Api_get_FlightPlan_	4368	static
HAMR_Simple_V4_SW_FlightController_Impl_Operational_Api.c:131:6:HAMR_Simple_V4_SW_FlightController_Impl_Operational_Api_get_Alert_	2544	static
