HAMR_Simple_V4_SW_RadioDriver_Impl_Initialization_Api.h:24:10:HAMR_Simple_V4_SW_RadioDriver_Impl_Initialization_Api__is	8	static
HAMR_Simple_V4_SW_RadioDriver_Impl_Initialization_Api.h:28:62:HAMR_Simple_V4_SW_RadioDriver_Impl_Initialization_Api__as	16	static
HAMR_Simple_V4_SW_RadioDriver_Impl_Initialization_Api.c:5:3:HAMR_Simple_V4_SW_RadioDriver_Impl_Initialization_Api__eq	8	static
HAMR_Simple_V4_SW_RadioDriver_Impl_Initialization_Api.h:18:10:HAMR_Simple_V4_SW_RadioDriver_Impl_Initialization_Api__ne	8	static
HAMR_Simple_V4_SW_RadioDriver_Impl_Initialization_Api.c:15:6:HAMR_Simple_V4_SW_RadioDriver_Impl_Initialization_Api_string_	144	static
HAMR_Simple_V4_SW_RadioDriver_Impl_Initialization_Api.c:29:6:HAMR_Simple_V4_SW_RadioDriver_Impl_Initialization_Api_cprint	224	static
HAMR_Simple_V4_SW_RadioDriver_Impl_Initialization_Api.c:47:6:HAMR_Simple_V4_SW_RadioDriver_Impl_Initialization_Api_apply	8	static
