HAMR_Simple_V4_SW_AttestationTester_Impl_SW_AttestationTester_Bridge.h:37:10:HAMR_Simple_V4_SW_AttestationTester_Impl_SW_AttestationTester_Bridge__is	8	static
HAMR_Simple_V4_SW_AttestationTester_Impl_SW_AttestationTester_Bridge.h:41:77:HAMR_Simple_V4_SW_AttestationTester_Impl_SW_AttestationTester_Bridge__as	16	static
HAMR_Simple_V4_SW_AttestationTester_Impl_SW_AttestationTester_Bridge.c:38:3:HAMR_Simple_V4_SW_AttestationTester_Impl_SW_AttestationTester_Bridge__eq	32	static
HAMR_Simple_V4_SW_AttestationTester_Impl_SW_AttestationTester_Bridge.h:31:10:HAMR_Simple_V4_SW_AttestationTester_Impl_SW_AttestationTester_Bridge__ne	16	static
HAMR_Simple_V4_SW_AttestationTester_Impl_SW_AttestationTester_Bridge.c:50:6:HAMR_Simple_V4_SW_AttestationTester_Impl_SW_AttestationTester_Bridge_string_	160	static
HAMR_Simple_V4_SW_AttestationTester_Impl_SW_AttestationTester_Bridge.c:68:6:HAMR_Simple_V4_SW_AttestationTester_Impl_SW_AttestationTester_Bridge_cprint	272	static
HAMR_Simple_V4_SW_AttestationTester_Impl_SW_AttestationTester_Bridge.c:169:6:HAMR_Simple_V4_SW_AttestationTester_Impl_SW_AttestationTester_Bridge_init_c_initialization_api	32	static
HAMR_Simple_V4_SW_AttestationTester_Impl_SW_AttestationTester_Bridge.c:179:6:HAMR_Simple_V4_SW_AttestationTester_Impl_SW_AttestationTester_Bridge_init_c_operational_api	32	static
HAMR_Simple_V4_SW_AttestationTester_Impl_SW_AttestationTester_Bridge.c:8:6:HAMR_Simple_V4_SW_AttestationTester_Impl_SW_AttestationTester_Bridge_init	16	static
HAMR_Simple_V4_SW_AttestationTester_Impl_SW_AttestationTester_Bridge.c:16:15:HAMR_Simple_V4_SW_AttestationTester_Impl_SW_AttestationTester_Bridge_c_initialization_api	16	static
HAMR_Simple_V4_SW_AttestationTester_Impl_SW_AttestationTester_Bridge.c:21:6:HAMR_Simple_V4_SW_AttestationTester_Impl_SW_AttestationTester_Bridge_c_initialization_api_a	16	static
HAMR_Simple_V4_SW_AttestationTester_Impl_SW_AttestationTester_Bridge.c:26:15:HAMR_Simple_V4_SW_AttestationTester_Impl_SW_AttestationTester_Bridge_c_operational_api	16	static
HAMR_Simple_V4_SW_AttestationTester_Impl_SW_AttestationTester_Bridge.c:31:6:HAMR_Simple_V4_SW_AttestationTester_Impl_SW_AttestationTester_Bridge_c_operational_api_a	16	static
HAMR_Simple_V4_SW_AttestationTester_Impl_SW_AttestationTester_Bridge.c:90:6:HAMR_Simple_V4_SW_AttestationTester_Impl_SW_AttestationTester_Bridge_apply	9312	dynamic,bounded
