FlightController_Impl_SW_FlightController_api.c:6:6:api_get_FlightPlan__HAMR_Simple_V4_SW_FlightController_Impl_SW_FlightController	2160	static
FlightController_Impl_SW_FlightController_api.c:37:6:api_get_Alert__HAMR_Simple_V4_SW_FlightController_Impl_SW_FlightController	64	static
FlightController_Impl_SW_FlightController_api.c:59:6:api_logInfo__HAMR_Simple_V4_SW_FlightController_Impl_SW_FlightController	64	static
FlightController_Impl_SW_FlightController_api.c:74:6:api_logDebug__HAMR_Simple_V4_SW_FlightController_Impl_SW_FlightController	64	static
FlightController_Impl_SW_FlightController_api.c:89:6:api_logError__HAMR_Simple_V4_SW_FlightController_Impl_SW_FlightController	64	static
FlightController_Impl_SW_FlightController_api.c:104:6:HAMR_Simple_V4_SW_FlightController_Impl_SW_FlightController_initialise	8	static
FlightController_Impl_SW_FlightController_api.c:112:6:HAMR_Simple_V4_SW_FlightController_Impl_SW_FlightController_finalise	8	static
FlightController_Impl_SW_FlightController_api.c:120:6:HAMR_Simple_V4_SW_FlightController_Impl_SW_FlightController_handle_FlightPlan	8	static
FlightController_Impl_SW_FlightController_api.c:129:6:HAMR_Simple_V4_SW_FlightController_Impl_SW_FlightController_handle_Alert	8	static
