org_sireum_IS_08117A.h:12:24:IS_08117A_at	8	static
org_sireum_IS_08117A.h:20:13:IS_08117A_up	8	static
org_sireum_IS_08117A.h:28:10:IS_08117A_size	8	static
org_sireum_IS_08117A.h:32:10:IS_08117A_zize	8	static
org_sireum_IS_08117A.c:9:3:IS_08117A__eq	48	static
org_sireum_IS_08117A.h:54:10:IS_08117A__ne	16	static
org_sireum_IS_08117A.c:18:6:IS_08117A_create	64	static
org_sireum_IS_08117A.c:28:6:IS_08117A__append	32	static
org_sireum_IS_08117A.c:37:6:IS_08117A__prepend	48	static
org_sireum_IS_08117A.c:47:6:IS_08117A__appendAll	48	static
org_sireum_IS_08117A.c:58:6:IS_08117A__sub	80	static
org_sireum_IS_08117A.c:70:6:IS_08117A__removeAll	80	static
org_sireum_IS_08117A.c:85:6:IS_08117A_cprint	224	static
org_sireum_IS_08117A.c:101:6:IS_08117A_string_	128	static
