org_sireum_IS_820232.h:12:18:IS_820232_at	8	static
org_sireum_IS_820232.h:20:13:IS_820232_up	8	static
org_sireum_IS_820232.h:28:10:IS_820232_size	8	static
org_sireum_IS_820232.h:32:10:IS_820232_zize	8	static
org_sireum_IS_820232.c:9:3:IS_820232__eq	48	static
org_sireum_IS_820232.h:54:10:IS_820232__ne	16	static
org_sireum_IS_820232.c:18:6:IS_820232_create	64	static
org_sireum_IS_820232.c:28:6:IS_820232__append	32	static
org_sireum_IS_820232.c:37:6:IS_820232__prepend	48	static
org_sireum_IS_820232.c:47:6:IS_820232__appendAll	48	static
org_sireum_IS_820232.c:58:6:IS_820232__sub	80	static
org_sireum_IS_820232.c:70:6:IS_820232__removeAll	80	static
org_sireum_IS_820232.c:85:6:IS_820232_cprint	224	static
org_sireum_IS_820232.c:101:6:IS_820232_string_	128	static
