org_sireum_IS_C4F575.h:12:10:IS_C4F575_at	8	static
org_sireum_IS_C4F575.h:21:13:IS_C4F575_up	8	static
org_sireum_IS_C4F575.h:34:10:IS_C4F575_size	8	static
org_sireum_IS_C4F575.h:38:10:IS_C4F575_zize	8	static
org_sireum_IS_C4F575.h:42:10:IS_C4F575_isEmpty	8	static
org_sireum_IS_C4F575.h:46:10:IS_C4F575_nonEmpty	8	static
org_sireum_IS_C4F575.c:11:3:IS_C4F575__eq	8	static
org_sireum_IS_C4F575.h:60:10:IS_C4F575__ne	8	static
org_sireum_IS_C4F575.c:27:6:IS_C4F575_create	16	static
org_sireum_IS_C4F575.c:52:6:IS_C4F575__append	32	static
org_sireum_IS_C4F575.c:61:6:IS_C4F575__prepend	32	static
org_sireum_IS_C4F575.c:71:6:IS_C4F575__appendAll	48	static
org_sireum_IS_C4F575.c:82:6:IS_C4F575__sub	40	static
org_sireum_IS_C4F575.c:93:6:IS_C4F575__removeAll	56	static
org_sireum_IS_C4F575.c:108:6:IS_C4F575_cprint	176	static
org_sireum_IS_C4F575.c:123:6:IS_C4F575_string_	96	static
