org_sireum_MS_E444B2.h:12:18:MS_E444B2_at	8	static
org_sireum_MS_E444B2.h:20:13:MS_E444B2_up	8	static
org_sireum_MS_E444B2.h:28:10:MS_E444B2_size	8	static
org_sireum_MS_E444B2.h:32:10:MS_E444B2_zize	8	static
org_sireum_MS_E444B2.c:9:3:MS_E444B2__eq	48	static
org_sireum_MS_E444B2.h:54:10:MS_E444B2__ne	16	static
org_sireum_MS_E444B2.c:18:6:MS_E444B2_create	64	static
org_sireum_MS_E444B2.c:28:6:MS_E444B2__append	32	static
org_sireum_MS_E444B2.c:37:6:MS_E444B2__prepend	48	static
org_sireum_MS_E444B2.c:47:6:MS_E444B2__appendAll	48	static
org_sireum_MS_E444B2.c:58:6:MS_E444B2__sub	80	static
org_sireum_MS_E444B2.c:70:6:MS_E444B2__removeAll	80	static
org_sireum_MS_E444B2.c:85:6:MS_E444B2_cprint	224	static
org_sireum_MS_E444B2.c:101:6:MS_E444B2_string_	128	static
