org_sireum_None.c:3:3:None_76463B_get_	352	static
org_sireum_None.c:16:3:None_964667_isEmpty_	8	static
org_sireum_None.c:21:6:None_600AAD_get_	352	static
org_sireum_None.c:34:6:None_6557E1_get_	352	static
org_sireum_None.c:47:6:None_3F37D3_get_	352	static
org_sireum_None.c:60:6:None_C64652_get_	352	static
org_sireum_None.c:73:6:None_43D596_get_	352	static
org_sireum_None.c:86:6:None_E951B6_get_	352	static
org_sireum_None.c:99:6:None_4E54E3_get_	352	static
org_sireum_None.c:112:6:None_2849BF_get_	352	static
org_sireum_None.c:125:3:None_5C1355_isEmpty_	8	static
org_sireum_None.c:130:6:None_5C1355_get_	352	static
org_sireum_None.c:143:3:None_964667_nonEmpty_	8	static
