org_sireum_Some.c:3:3:Some_488F47_get_	8	static
org_sireum_Some.c:8:3:Some_D29615_isEmpty_	8	static
org_sireum_Some.c:13:6:Some_CFA8D1_get_	8	static
org_sireum_Some.c:19:6:Some_3A7E15_get_	8	static
org_sireum_Some.c:25:6:Some_9E368A_get_	8	static
org_sireum_Some.c:31:6:Some_DDE9FD_get_	8	static
org_sireum_Some.c:37:6:Some_DAEBD0_get_	8	static
org_sireum_Some.c:43:6:Some_B4F3A8_get_	8	static
org_sireum_Some.c:49:6:Some_0FF3DD_get_	8	static
org_sireum_Some.c:55:6:Some_FCFE69_get_	8	static
org_sireum_Some.c:61:3:Some_D29615_nonEmpty_	8	static
