org_sireum_IS_82ABD8.h:12:10:IS_82ABD8_at	8	static
org_sireum_IS_82ABD8.h:20:13:IS_82ABD8_up	8	static
org_sireum_IS_82ABD8.h:28:10:IS_82ABD8_size	8	static
org_sireum_IS_82ABD8.h:32:10:IS_82ABD8_zize	8	static
org_sireum_IS_82ABD8.h:58:13:IS_82ABD8_toMS	8	static
org_sireum_IS_82ABD8.c:9:3:IS_82ABD8__eq	8	static
org_sireum_IS_82ABD8.h:54:10:IS_82ABD8__ne	8	static
org_sireum_IS_82ABD8.c:18:6:IS_82ABD8_create	16	static
org_sireum_IS_82ABD8.c:28:6:IS_82ABD8__append	32	static
org_sireum_IS_82ABD8.c:37:6:IS_82ABD8__prepend	16	static
org_sireum_IS_82ABD8.c:47:6:IS_82ABD8__appendAll	48	static
org_sireum_IS_82ABD8.c:58:6:IS_82ABD8__sub	8	static
org_sireum_IS_82ABD8.c:69:6:IS_82ABD8__removeAll	16	static
org_sireum_IS_82ABD8.c:84:6:IS_82ABD8_cprint	208	static
org_sireum_IS_82ABD8.c:100:6:IS_82ABD8_string_	128	static
