art_DispatchPropertyProtocol_Sporadic.h:15:10:art_DispatchPropertyProtocol_Sporadic__ne	8	static
art_DispatchPropertyProtocol_Sporadic.h:21:10:art_DispatchPropertyProtocol_Sporadic__is	8	static
art_DispatchPropertyProtocol_Sporadic.h:25:46:art_DispatchPropertyProtocol_Sporadic__as	16	static
art_DispatchPropertyProtocol_Sporadic.c:5:3:art_DispatchPropertyProtocol_Sporadic__eq	8	static
art_DispatchPropertyProtocol_Sporadic.c:12:6:art_DispatchPropertyProtocol_Sporadic_string_	96	static
art_DispatchPropertyProtocol_Sporadic.c:19:6:art_DispatchPropertyProtocol_Sporadic_cprint	128	static
art_DispatchPropertyProtocol_Sporadic.c:30:6:art_DispatchPropertyProtocol_Sporadic_apply	8	static
