RadioDriver_Impl_SW_Radio_api.c:6:6:api_put_MissionCommand__HAMR_Simple_V4_SW_RadioDriver_Impl_SW_Radio	112	static
RadioDriver_Impl_SW_Radio_api.c:33:6:api_logInfo__HAMR_Simple_V4_SW_RadioDriver_Impl_SW_Radio	64	static
RadioDriver_Impl_SW_Radio_api.c:48:6:api_logDebug__HAMR_Simple_V4_SW_RadioDriver_Impl_SW_Radio	64	static
RadioDriver_Impl_SW_Radio_api.c:63:6:api_logError__HAMR_Simple_V4_SW_RadioDriver_Impl_SW_Radio	64	static
RadioDriver_Impl_SW_Radio_api.c:78:6:HAMR_Simple_V4_SW_RadioDriver_Impl_SW_Radio_initialise	8	static
RadioDriver_Impl_SW_Radio_api.c:86:6:HAMR_Simple_V4_SW_RadioDriver_Impl_SW_Radio_finalise	8	static
