HAMR_Simple_V4_SW_FlightController_Impl_Api.c:3:6:HAMR_Simple_V4_SW_FlightController_Impl_Initialization_Api_logInfo_	8	static
HAMR_Simple_V4_SW_FlightController_Impl_Api.c:12:6:HAMR_Simple_V4_SW_FlightController_Impl_Initialization_Api_logDebug_	8	static
HAMR_Simple_V4_SW_FlightController_Impl_Api.c:21:6:HAMR_Simple_V4_SW_FlightController_Impl_Initialization_Api_logError_	8	static
HAMR_Simple_V4_SW_FlightController_Impl_Api.c:30:6:HAMR_Simple_V4_SW_FlightController_Impl_Operational_Api_logInfo_	8	static
HAMR_Simple_V4_SW_FlightController_Impl_Api.c:39:6:HAMR_Simple_V4_SW_FlightController_Impl_Operational_Api_logDebug_	8	static
HAMR_Simple_V4_SW_FlightController_Impl_Api.c:48:6:HAMR_Simple_V4_SW_FlightController_Impl_Operational_Api_logError_	8	static
