HAMR_Simple_V4_SW_FlightController_Impl_Operational_Api.h:22:10:HAMR_Simple_V4_SW_FlightController_Impl_Operational_Api__is	8	static
HAMR_Simple_V4_SW_FlightController_Impl_Operational_Api.h:26:64:HAMR_Simple_V4_SW_FlightController_Impl_Operational_Api__as	16	static
HAMR_Simple_V4_SW_FlightController_Impl_Operational_Api.c:5:3:HAMR_Simple_V4_SW_FlightController_Impl_Operational_Api__eq	8	static
HAMR_Simple_V4_SW_FlightController_Impl_Operational_Api.h:16:10:HAMR_Simple_V4_SW_FlightController_Impl_Operational_Api__ne	8	static
HAMR_Simple_V4_SW_FlightController_Impl_Operational_Api.c:13:6:HAMR_Simple_V4_SW_FlightController_Impl_Operational_Api_string_	144	static
HAMR_Simple_V4_SW_FlightController_Impl_Operational_Api.c:23:6:HAMR_Simple_V4_SW_FlightController_Impl_Operational_Api_cprint	224	static
HAMR_Simple_V4_SW_FlightController_Impl_Operational_Api.c:37:6:HAMR_Simple_V4_SW_FlightController_Impl_Operational_Api_apply	8	static
HAMR_Simple_V4_SW_FlightController_Impl_Operational_Api.c:60:6:HAMR_Simple_V4_SW_FlightController_Impl_Operational_Api_get_FlightPlan_	544	static
