art_ArchitectureDescription.h:22:10:art_ArchitectureDescription__is	8	static
art_ArchitectureDescription.h:26:36:art_ArchitectureDescription__as	16	static
art_ArchitectureDescription.c:5:3:art_ArchitectureDescription__eq	32	static
art_ArchitectureDescription.h:16:10:art_ArchitectureDescription__ne	16	static
art_ArchitectureDescription.c:13:6:art_ArchitectureDescription_string_	128	static
art_ArchitectureDescription.c:23:6:art_ArchitectureDescription_cprint	208	static
art_ArchitectureDescription.c:37:6:art_ArchitectureDescription_apply	32	static
