art_Art.c:341:6:art_Art_getValue	2128	static
art_Art.c:349:6:art_Art_putValue	8	static
art_Art.c:358:6:art_Art_sendOutput	8	static
art_Art.c:367:6:art_Art_dispatchStatus	176	static
art_Art.c:375:6:art_Art_receiveInput	8	static
art_Art.c:405:6:art_Art_init_maxComponents	8	static
art_Art.c:413:6:art_Art_init_maxPorts	8	static
art_Art.c:421:6:art_Art_init_logTitle	48	static
art_Art.c:454:6:art_Art_init_ports	5040	static
art_Art.c:12:6:art_Art_init	16	static
art_Art.c:24:3:art_Art_maxComponents	16	static
art_Art.c:429:6:art_Art_init_bridges	26416	static
art_Art.c:29:3:art_Art_maxPorts	16	static
art_Art.c:441:6:art_Art_init_connections	2336	static
art_Art.c:34:8:art_Art_logTitle	16	static
art_Art.c:39:11:art_Art_bridges	16	static
art_Art.c:390:6:art_Art_bridge	6624	static
art_Art.c:302:6:art_Art_logInfo	6896	static
art_Art.c:315:6:art_Art_logDebug	6896	static
art_Art.c:328:6:art_Art_logError	6896	static
art_Art.c:44:11:art_Art_connections	16	static
art_Art.c:273:6:art_Art_connect	992	static
art_Art.c:49:11:art_Art_ports	16	static
art_Art.c:127:6:art_Art_m_register	7760	static
art_Art.c:54:6:art_Art_run	656	static
