org_sireum_U8.h:13:11:U8__plus	8	static
org_sireum_U8.h:17:11:U8__minus	8	static
org_sireum_U8.h:21:11:U8__add	8	static
org_sireum_U8.h:25:11:U8__sub	8	static
org_sireum_U8.h:29:11:U8__mul	8	static
org_sireum_U8.h:33:11:U8__div	8	static
org_sireum_U8.h:37:11:U8__rem	8	static
org_sireum_U8.h:41:10:U8__eq	8	static
org_sireum_U8.h:45:10:U8__ne	8	static
org_sireum_U8.h:49:10:U8__lt	8	static
org_sireum_U8.h:53:10:U8__le	8	static
org_sireum_U8.h:57:10:U8__gt	8	static
org_sireum_U8.h:61:10:U8__ge	8	static
org_sireum_U8.h:65:11:U8__complement	8	static
org_sireum_U8.h:69:11:U8__shl	8	static
org_sireum_U8.h:73:11:U8__shr	8	static
org_sireum_U8.h:77:11:U8__ushr	8	static
org_sireum_U8.h:81:11:U8__and	8	static
org_sireum_U8.h:85:11:U8__or	8	static
org_sireum_U8.h:89:11:U8__xor	8	static
org_sireum_U8.c:27:6:U8_string_	32	static
