org_sireum_MS_2590FE.h:12:22:MS_2590FE_at	8	static
org_sireum_MS_2590FE.h:20:13:MS_2590FE_up	8	static
org_sireum_MS_2590FE.h:28:10:MS_2590FE_size	8	static
org_sireum_MS_2590FE.h:32:10:MS_2590FE_zize	8	static
org_sireum_MS_2590FE.c:9:3:MS_2590FE__eq	48	static
org_sireum_MS_2590FE.h:54:10:MS_2590FE__ne	16	static
org_sireum_MS_2590FE.c:18:6:MS_2590FE_create	64	static
org_sireum_MS_2590FE.c:28:6:MS_2590FE__append	32	static
org_sireum_MS_2590FE.c:37:6:MS_2590FE__prepend	48	static
org_sireum_MS_2590FE.c:47:6:MS_2590FE__appendAll	48	static
org_sireum_MS_2590FE.c:58:6:MS_2590FE__sub	80	static
org_sireum_MS_2590FE.c:70:6:MS_2590FE__removeAll	80	static
org_sireum_MS_2590FE.c:85:6:MS_2590FE_cprint	224	static
org_sireum_MS_2590FE.c:101:6:MS_2590FE_string_	128	static
