org_sireum_MS_83D5EB.h:12:22:MS_83D5EB_at	8	static
org_sireum_MS_83D5EB.h:20:13:MS_83D5EB_up	8	static
org_sireum_MS_83D5EB.h:28:10:MS_83D5EB_size	8	static
org_sireum_MS_83D5EB.h:32:10:MS_83D5EB_zize	8	static
org_sireum_MS_83D5EB.c:9:3:MS_83D5EB__eq	48	static
org_sireum_MS_83D5EB.h:54:10:MS_83D5EB__ne	16	static
org_sireum_MS_83D5EB.c:18:6:MS_83D5EB_create	64	static
org_sireum_MS_83D5EB.c:28:6:MS_83D5EB__append	32	static
org_sireum_MS_83D5EB.c:37:6:MS_83D5EB__prepend	48	static
org_sireum_MS_83D5EB.c:47:6:MS_83D5EB__appendAll	48	static
org_sireum_MS_83D5EB.c:58:6:MS_83D5EB__sub	80	static
org_sireum_MS_83D5EB.c:70:6:MS_83D5EB__removeAll	80	static
org_sireum_MS_83D5EB.c:85:6:MS_83D5EB_cprint	224	static
org_sireum_MS_83D5EB.c:101:6:MS_83D5EB_string_	128	static
