org_sireum_IS_948B60.h:12:15:IS_948B60_at	8	static
org_sireum_IS_948B60.h:20:13:IS_948B60_up	8	static
org_sireum_IS_948B60.h:28:10:IS_948B60_size	8	static
org_sireum_IS_948B60.h:32:10:IS_948B60_zize	8	static
org_sireum_IS_948B60.c:9:3:IS_948B60__eq	48	static
org_sireum_IS_948B60.h:54:10:IS_948B60__ne	16	static
org_sireum_IS_948B60.c:18:6:IS_948B60_create	64	static
org_sireum_IS_948B60.c:28:6:IS_948B60__append	32	static
org_sireum_IS_948B60.c:37:6:IS_948B60__prepend	48	static
org_sireum_IS_948B60.c:47:6:IS_948B60__appendAll	48	static
org_sireum_IS_948B60.c:58:6:IS_948B60__sub	80	static
org_sireum_IS_948B60.c:70:6:IS_948B60__removeAll	80	static
org_sireum_IS_948B60.c:85:6:IS_948B60_cprint	224	static
org_sireum_IS_948B60.c:101:6:IS_948B60_string_	128	static
