org_sireum_MS_30A5B4.h:12:10:MS_30A5B4_at	8	static
org_sireum_MS_30A5B4.h:20:13:MS_30A5B4_up	8	static
org_sireum_MS_30A5B4.h:28:10:MS_30A5B4_size	8	static
org_sireum_MS_30A5B4.h:32:10:MS_30A5B4_zize	8	static
org_sireum_MS_30A5B4.h:58:13:MS_30A5B4_toIS	8	static
org_sireum_MS_30A5B4.c:9:3:MS_30A5B4__eq	8	static
org_sireum_MS_30A5B4.h:54:10:MS_30A5B4__ne	8	static
org_sireum_MS_30A5B4.c:18:6:MS_30A5B4_create	16	static
org_sireum_MS_30A5B4.c:28:6:MS_30A5B4__append	32	static
org_sireum_MS_30A5B4.c:37:6:MS_30A5B4__prepend	16	static
org_sireum_MS_30A5B4.c:47:6:MS_30A5B4__appendAll	48	static
org_sireum_MS_30A5B4.c:58:6:MS_30A5B4__sub	8	static
org_sireum_MS_30A5B4.c:69:6:MS_30A5B4__removeAll	16	static
org_sireum_MS_30A5B4.c:84:6:MS_30A5B4_cprint	208	static
org_sireum_MS_30A5B4.c:100:6:MS_30A5B4_string_	128	static
