HAMR_Simple_V4_FlightController_Impl_SW_FlightController_App.c:347:6:HAMR_Simple_V4_FlightController_Impl_SW_FlightController_App_touch_printDataContent	368	static
HAMR_Simple_V4_FlightController_Impl_SW_FlightController_App.c:366:6:HAMR_Simple_V4_FlightController_Impl_SW_FlightController_App_touch	8	static
HAMR_Simple_V4_FlightController_Impl_SW_FlightController_App.c:458:6:HAMR_Simple_V4_FlightController_Impl_SW_FlightController_App_init_entryPoints	16	static
HAMR_Simple_V4_FlightController_Impl_SW_FlightController_App.c:466:6:HAMR_Simple_V4_FlightController_Impl_SW_FlightController_App_init_appPortId	16	static
HAMR_Simple_V4_FlightController_Impl_SW_FlightController_App.c:484:6:HAMR_Simple_V4_FlightController_Impl_SW_FlightController_App_init_FlightPlanPortId	16	static
HAMR_Simple_V4_FlightController_Impl_SW_FlightController_App.c:492:6:HAMR_Simple_V4_FlightController_Impl_SW_FlightController_App_init_FlightPlanPortIdOpt	32	static
HAMR_Simple_V4_FlightController_Impl_SW_FlightController_App.c:11:6:HAMR_Simple_V4_FlightController_Impl_SW_FlightController_App_init	16	static
HAMR_Simple_V4_FlightController_Impl_SW_FlightController_App.c:22:24:HAMR_Simple_V4_FlightController_Impl_SW_FlightController_App_entryPoints	16	static
HAMR_Simple_V4_FlightController_Impl_SW_FlightController_App.c:211:6:HAMR_Simple_V4_FlightController_Impl_SW_FlightController_App_initialise	16	static
HAMR_Simple_V4_FlightController_Impl_SW_FlightController_App.c:449:6:HAMR_Simple_V4_FlightController_Impl_SW_FlightController_App_finalise	16	static
HAMR_Simple_V4_FlightController_Impl_SW_FlightController_App.c:333:6:HAMR_Simple_V4_FlightController_Impl_SW_FlightController_App_exit	16	static
HAMR_Simple_V4_FlightController_Impl_SW_FlightController_App.c:183:6:HAMR_Simple_V4_FlightController_Impl_SW_FlightController_App_atExit	8	static
HAMR_Simple_V4_FlightController_Impl_SW_FlightController_App.c:27:3:HAMR_Simple_V4_FlightController_Impl_SW_FlightController_App_appPortId	16	static
HAMR_Simple_V4_FlightController_Impl_SW_FlightController_App.c:474:6:HAMR_Simple_V4_FlightController_Impl_SW_FlightController_App_init_appPortIdOpt	32	static
HAMR_Simple_V4_FlightController_Impl_SW_FlightController_App.c:32:15:HAMR_Simple_V4_FlightController_Impl_SW_FlightController_App_appPortIdOpt	16	static
HAMR_Simple_V4_FlightController_Impl_SW_FlightController_App.c:37:3:HAMR_Simple_V4_FlightController_Impl_SW_FlightController_App_FlightPlanPortId	16	static
HAMR_Simple_V4_FlightController_Impl_SW_FlightController_App.c:42:15:HAMR_Simple_V4_FlightController_Impl_SW_FlightController_App_FlightPlanPortIdOpt	16	static
HAMR_Simple_V4_FlightController_Impl_SW_FlightController_App.c:192:6:HAMR_Simple_V4_FlightController_Impl_SW_FlightController_App_initialiseArchitecture	16	static
HAMR_Simple_V4_FlightController_Impl_SW_FlightController_App.c:238:6:HAMR_Simple_V4_FlightController_Impl_SW_FlightController_App_compute	832	static
HAMR_Simple_V4_FlightController_Impl_SW_FlightController_App.c:47:3:HAMR_Simple_V4_FlightController_Impl_SW_FlightController_App_main	288	static
