HAMR_Simple_V4_RadioDriver_Impl_SW_Radio_App.c:201:6:HAMR_Simple_V4_RadioDriver_Impl_SW_Radio_App_compute	8	static
HAMR_Simple_V4_RadioDriver_Impl_SW_Radio_App.c:249:6:HAMR_Simple_V4_RadioDriver_Impl_SW_Radio_App_touch_printDataContent	368	static
HAMR_Simple_V4_RadioDriver_Impl_SW_Radio_App.c:268:6:HAMR_Simple_V4_RadioDriver_Impl_SW_Radio_App_touch	8	static
HAMR_Simple_V4_RadioDriver_Impl_SW_Radio_App.c:370:6:HAMR_Simple_V4_RadioDriver_Impl_SW_Radio_App_init_entryPoints	16	static
HAMR_Simple_V4_RadioDriver_Impl_SW_Radio_App.c:378:6:HAMR_Simple_V4_RadioDriver_Impl_SW_Radio_App_init_appPortId	16	static
HAMR_Simple_V4_RadioDriver_Impl_SW_Radio_App.c:386:6:HAMR_Simple_V4_RadioDriver_Impl_SW_Radio_App_init_appPortIdOpt	32	static
HAMR_Simple_V4_RadioDriver_Impl_SW_Radio_App.c:9:6:HAMR_Simple_V4_RadioDriver_Impl_SW_Radio_App_init	16	static
HAMR_Simple_V4_RadioDriver_Impl_SW_Radio_App.c:18:24:HAMR_Simple_V4_RadioDriver_Impl_SW_Radio_App_entryPoints	16	static
HAMR_Simple_V4_RadioDriver_Impl_SW_Radio_App.c:192:6:HAMR_Simple_V4_RadioDriver_Impl_SW_Radio_App_initialise	16	static
HAMR_Simple_V4_RadioDriver_Impl_SW_Radio_App.c:361:6:HAMR_Simple_V4_RadioDriver_Impl_SW_Radio_App_finalise	16	static
HAMR_Simple_V4_RadioDriver_Impl_SW_Radio_App.c:235:6:HAMR_Simple_V4_RadioDriver_Impl_SW_Radio_App_exit	16	static
HAMR_Simple_V4_RadioDriver_Impl_SW_Radio_App.c:169:6:HAMR_Simple_V4_RadioDriver_Impl_SW_Radio_App_atExit	8	static
HAMR_Simple_V4_RadioDriver_Impl_SW_Radio_App.c:23:3:HAMR_Simple_V4_RadioDriver_Impl_SW_Radio_App_appPortId	16	static
HAMR_Simple_V4_RadioDriver_Impl_SW_Radio_App.c:28:15:HAMR_Simple_V4_RadioDriver_Impl_SW_Radio_App_appPortIdOpt	16	static
HAMR_Simple_V4_RadioDriver_Impl_SW_Radio_App.c:178:6:HAMR_Simple_V4_RadioDriver_Impl_SW_Radio_App_initialiseArchitecture	32	static
HAMR_Simple_V4_RadioDriver_Impl_SW_Radio_App.c:33:3:HAMR_Simple_V4_RadioDriver_Impl_SW_Radio_App_main	272	static
