HAMR_Simple_V4_FlightPlanner_Impl_SW_FlightPlanner_App.c:347:6:HAMR_Simple_V4_FlightPlanner_Impl_SW_FlightPlanner_App_touch_printDataContent	368	static
HAMR_Simple_V4_FlightPlanner_Impl_SW_FlightPlanner_App.c:366:6:HAMR_Simple_V4_FlightPlanner_Impl_SW_FlightPlanner_App_touch	8	static
HAMR_Simple_V4_FlightPlanner_Impl_SW_FlightPlanner_App.c:476:6:HAMR_Simple_V4_FlightPlanner_Impl_SW_FlightPlanner_App_init_entryPoints	16	static
HAMR_Simple_V4_FlightPlanner_Impl_SW_FlightPlanner_App.c:484:6:HAMR_Simple_V4_FlightPlanner_Impl_SW_FlightPlanner_App_init_appPortId	16	static
HAMR_Simple_V4_FlightPlanner_Impl_SW_FlightPlanner_App.c:502:6:HAMR_Simple_V4_FlightPlanner_Impl_SW_FlightPlanner_App_init_MissionCommandPortId	16	static
HAMR_Simple_V4_FlightPlanner_Impl_SW_FlightPlanner_App.c:510:6:HAMR_Simple_V4_FlightPlanner_Impl_SW_FlightPlanner_App_init_MissionCommandPortIdOpt	32	static
HAMR_Simple_V4_FlightPlanner_Impl_SW_FlightPlanner_App.c:11:6:HAMR_Simple_V4_FlightPlanner_Impl_SW_FlightPlanner_App_init	16	static
HAMR_Simple_V4_FlightPlanner_Impl_SW_FlightPlanner_App.c:22:24:HAMR_Simple_V4_FlightPlanner_Impl_SW_FlightPlanner_App_entryPoints	16	static
HAMR_Simple_V4_FlightPlanner_Impl_SW_FlightPlanner_App.c:211:6:HAMR_Simple_V4_FlightPlanner_Impl_SW_FlightPlanner_App_initialise	16	static
HAMR_Simple_V4_FlightPlanner_Impl_SW_FlightPlanner_App.c:467:6:HAMR_Simple_V4_FlightPlanner_Impl_SW_FlightPlanner_App_finalise	16	static
HAMR_Simple_V4_FlightPlanner_Impl_SW_FlightPlanner_App.c:333:6:HAMR_Simple_V4_FlightPlanner_Impl_SW_FlightPlanner_App_exit	16	static
HAMR_Simple_V4_FlightPlanner_Impl_SW_FlightPlanner_App.c:183:6:HAMR_Simple_V4_FlightPlanner_Impl_SW_FlightPlanner_App_atExit	8	static
HAMR_Simple_V4_FlightPlanner_Impl_SW_FlightPlanner_App.c:27:3:HAMR_Simple_V4_FlightPlanner_Impl_SW_FlightPlanner_App_appPortId	16	static
HAMR_Simple_V4_FlightPlanner_Impl_SW_FlightPlanner_App.c:492:6:HAMR_Simple_V4_FlightPlanner_Impl_SW_FlightPlanner_App_init_appPortIdOpt	32	static
HAMR_Simple_V4_FlightPlanner_Impl_SW_FlightPlanner_App.c:32:15:HAMR_Simple_V4_FlightPlanner_Impl_SW_FlightPlanner_App_appPortIdOpt	16	static
HAMR_Simple_V4_FlightPlanner_Impl_SW_FlightPlanner_App.c:37:3:HAMR_Simple_V4_FlightPlanner_Impl_SW_FlightPlanner_App_MissionCommandPortId	16	static
HAMR_Simple_V4_FlightPlanner_Impl_SW_FlightPlanner_App.c:42:15:HAMR_Simple_V4_FlightPlanner_Impl_SW_FlightPlanner_App_MissionCommandPortIdOpt	16	static
HAMR_Simple_V4_FlightPlanner_Impl_SW_FlightPlanner_App.c:192:6:HAMR_Simple_V4_FlightPlanner_Impl_SW_FlightPlanner_App_initialiseArchitecture	16	static
HAMR_Simple_V4_FlightPlanner_Impl_SW_FlightPlanner_App.c:238:6:HAMR_Simple_V4_FlightPlanner_Impl_SW_FlightPlanner_App_compute	832	static
HAMR_Simple_V4_FlightPlanner_Impl_SW_FlightPlanner_App.c:47:3:HAMR_Simple_V4_FlightPlanner_Impl_SW_FlightPlanner_App_main	288	static
