HAMR_Simple_V4_IPCPorts.c:10:6:HAMR_Simple_V4_IPCPorts_init	8	static
HAMR_Simple_V4_IPCPorts.c:20:3:HAMR_Simple_V4_IPCPorts_RadioDriver_Impl_SW_Radio_App	8	static
HAMR_Simple_V4_IPCPorts.c:25:3:HAMR_Simple_V4_IPCPorts_FlightPlanner_Impl_SW_FlightPlanner_App	8	static
HAMR_Simple_V4_IPCPorts.c:30:3:HAMR_Simple_V4_IPCPorts_FlightController_Impl_SW_FlightController_App	8	static
HAMR_Simple_V4_IPCPorts.c:35:3:HAMR_Simple_V4_IPCPorts_Main	8	static
HAMR_Simple_V4_IPCPorts.c:40:6:HAMR_Simple_V4_IPCPorts_emptyReceiveOut	128	static
HAMR_Simple_V4_IPCPorts.c:50:6:HAMR_Simple_V4_IPCPorts_emptyReceiveAsyncOut	128	static
HAMR_Simple_V4_IPCPorts.c:60:6:HAMR_Simple_V4_IPCPorts_init_RadioDriver_Impl_SW_Radio_App	8	static
HAMR_Simple_V4_IPCPorts.c:68:6:HAMR_Simple_V4_IPCPorts_init_FlightPlanner_Impl_SW_FlightPlanner_App	8	static
HAMR_Simple_V4_IPCPorts.c:76:6:HAMR_Simple_V4_IPCPorts_init_FlightController_Impl_SW_FlightController_App	8	static
HAMR_Simple_V4_IPCPorts.c:84:6:HAMR_Simple_V4_IPCPorts_init_Main	8	static
