type.h:19:10:B__eq	8	static
type.h:23:10:B__ne	8	static
type.h:27:10:B__complement	8	static
type.h:31:10:B__and	8	static
type.h:35:10:B__or	8	static
type.h:39:10:B__xor	8	static
type.h:46:10:C__complement	8	static
type.h:51:10:C__add	8	static
type.h:55:10:C__sub	8	static
type.h:59:10:C__mul	8	static
type.h:63:10:C__div	8	static
type.h:67:10:C__rem	8	static
type.h:71:10:C__eq	8	static
type.h:75:10:C__ne	8	static
type.h:79:10:C__lt	8	static
type.h:83:10:C__le	8	static
type.h:87:10:C__gt	8	static
type.h:91:10:C__ge	8	static
type.h:95:10:Z__plus	8	static
type.h:99:10:Z__minus	8	static
type.h:103:10:Z__add	8	static
type.h:107:10:Z__sub	8	static
type.h:111:10:Z__mul	8	static
type.h:115:10:Z__div	8	static
type.h:119:10:Z__rem	8	static
type.h:123:10:Z__eq	8	static
type.h:127:10:Z__ne	8	static
type.h:131:10:Z__lt	8	static
type.h:135:10:Z__le	8	static
type.h:139:10:Z__gt	8	static
type.h:143:10:Z__ge	8	static
type.h:147:10:C__shl	8	static
type.h:153:10:C__shr	8	static
type.h:159:10:C__ushr	8	static
type.h:165:10:C__and	8	static
type.h:171:10:C__or	8	static
type.h:177:10:C__xor	8	static
type.h:186:12:F32__add	8	static
type.h:190:12:F32__sub	8	static
type.h:194:12:F32__mul	8	static
type.h:198:12:F32__div	8	static
type.h:202:12:F32__rem	16	static
type.h:206:10:F32__eq	8	static
type.h:210:10:F32__ne	8	static
type.h:214:10:F32__lt	8	static
type.h:218:10:F32__le	8	static
type.h:222:10:F32__gt	8	static
type.h:226:10:F32__ge	8	static
type.h:233:12:F64__add	8	static
type.h:237:12:F64__sub	8	static
type.h:241:12:F64__mul	8	static
type.h:245:12:F64__div	8	static
type.h:249:12:F64__rem	8	static
type.h:253:10:F64__eq	8	static
type.h:257:10:F64__ne	8	static
type.h:261:10:F64__lt	8	static
type.h:265:10:F64__le	8	static
type.h:269:10:F64__gt	8	static
type.h:273:10:F64__ge	8	static
type.h:280:10:R__add	8	static
type.h:284:10:R__sub	8	static
type.h:288:10:R__mul	8	static
type.h:292:10:R__div	8	static
type.h:296:10:R__rem	8	static
type.h:300:10:R__eq	8	static
type.h:304:10:R__ne	8	static
type.h:308:10:R__lt	8	static
type.h:312:10:R__le	8	static
type.h:316:10:R__gt	8	static
type.h:320:10:R__ge	8	static
