HAMR_Simple_V4_Base_Types_Bits_Payload.h:21:10:HAMR_Simple_V4_Base_Types_Bits_Payload__is	8	static
HAMR_Simple_V4_Base_Types_Bits_Payload.h:25:47:HAMR_Simple_V4_Base_Types_Bits_Payload__as	16	static
HAMR_Simple_V4_Base_Types_Bits_Payload.c:5:3:HAMR_Simple_V4_Base_Types_Bits_Payload__eq	16	static
HAMR_Simple_V4_Base_Types_Bits_Payload.h:15:10:HAMR_Simple_V4_Base_Types_Bits_Payload__ne	16	static
HAMR_Simple_V4_Base_Types_Bits_Payload.c:12:6:HAMR_Simple_V4_Base_Types_Bits_Payload_string_	96	static
HAMR_Simple_V4_Base_Types_Bits_Payload.c:19:6:HAMR_Simple_V4_Base_Types_Bits_Payload_cprint	144	static
HAMR_Simple_V4_Base_Types_Bits_Payload.c:30:6:HAMR_Simple_V4_Base_Types_Bits_Payload_apply	8	static
