FlightPlanner_Impl_SW_FlightPlanner_api.c:6:6:api_get_MissionCommand__HAMR_Simple_V4_SW_FlightPlanner_Impl_SW_FlightPlanner	144	static
FlightPlanner_Impl_SW_FlightPlanner_api.c:37:6:api_put_FlightPlan__HAMR_Simple_V4_SW_FlightPlanner_Impl_SW_FlightPlanner	128	static
FlightPlanner_Impl_SW_FlightPlanner_api.c:64:6:api_logInfo__HAMR_Simple_V4_SW_FlightPlanner_Impl_SW_FlightPlanner	64	static
FlightPlanner_Impl_SW_FlightPlanner_api.c:79:6:api_logDebug__HAMR_Simple_V4_SW_FlightPlanner_Impl_SW_FlightPlanner	64	static
FlightPlanner_Impl_SW_FlightPlanner_api.c:94:6:api_logError__HAMR_Simple_V4_SW_FlightPlanner_Impl_SW_FlightPlanner	64	static
FlightPlanner_Impl_SW_FlightPlanner_api.c:109:6:HAMR_Simple_V4_SW_FlightPlanner_Impl_SW_FlightPlanner_initialise	8	static
FlightPlanner_Impl_SW_FlightPlanner_api.c:117:6:HAMR_Simple_V4_SW_FlightPlanner_Impl_SW_FlightPlanner_finalise	8	static
FlightPlanner_Impl_SW_FlightPlanner_api.c:125:6:HAMR_Simple_V4_SW_FlightPlanner_Impl_SW_FlightPlanner_handle_MissionCommand	8	static
