org_sireum_ops_ops_ISZOps_A6D40E.h:21:10:ops_ISZOps_A6D40E__is	8	static
org_sireum_ops_ops_ISZOps_A6D40E.h:25:26:ops_ISZOps_A6D40E__as	16	static
org_sireum_ops_ops_ISZOps_A6D40E.c:5:3:ops_ISZOps_A6D40E__eq	16	static
org_sireum_ops_ops_ISZOps_A6D40E.h:15:10:ops_ISZOps_A6D40E__ne	16	static
org_sireum_ops_ops_ISZOps_A6D40E.c:12:6:ops_ISZOps_A6D40E_string_	80	static
org_sireum_ops_ops_ISZOps_A6D40E.c:19:6:ops_ISZOps_A6D40E_cprint	128	static
org_sireum_ops_ops_ISZOps_A6D40E.c:30:6:ops_ISZOps_A6D40E_apply	8	static
