HAMR_Simple_V4_SW_FlightPlanner_Impl_SW_FlightPlanner_Bridge_EntryPoints.h:30:10:HAMR_Simple_V4_SW_FlightPlanner_Impl_SW_FlightPlanner_Bridge_EntryPoints__is	8	static
HAMR_Simple_V4_SW_FlightPlanner_Impl_SW_FlightPlanner_Bridge_EntryPoints.h:34:81:HAMR_Simple_V4_SW_FlightPlanner_Impl_SW_FlightPlanner_Bridge_EntryPoints__as	16	static
HAMR_Simple_V4_SW_FlightPlanner_Impl_SW_FlightPlanner_Bridge_EntryPoints.c:5:3:HAMR_Simple_V4_SW_FlightPlanner_Impl_SW_FlightPlanner_Bridge_EntryPoints__eq	32	static
HAMR_Simple_V4_SW_FlightPlanner_Impl_SW_FlightPlanner_Bridge_EntryPoints.h:24:10:HAMR_Simple_V4_SW_FlightPlanner_Impl_SW_FlightPlanner_Bridge_EntryPoints__ne	16	static
HAMR_Simple_V4_SW_FlightPlanner_Impl_SW_FlightPlanner_Bridge_EntryPoints.c:17:6:HAMR_Simple_V4_SW_FlightPlanner_Impl_SW_FlightPlanner_Bridge_EntryPoints_string_	112	static
HAMR_Simple_V4_SW_FlightPlanner_Impl_SW_FlightPlanner_Bridge_EntryPoints.c:35:6:HAMR_Simple_V4_SW_FlightPlanner_Impl_SW_FlightPlanner_Bridge_EntryPoints_cprint	192	static
HAMR_Simple_V4_SW_FlightPlanner_Impl_SW_FlightPlanner_Bridge_EntryPoints.c:57:6:HAMR_Simple_V4_SW_FlightPlanner_Impl_SW_FlightPlanner_Bridge_EntryPoints_apply	192	static
HAMR_Simple_V4_SW_FlightPlanner_Impl_SW_FlightPlanner_Bridge_EntryPoints.c:97:6:HAMR_Simple_V4_SW_FlightPlanner_Impl_SW_FlightPlanner_Bridge_EntryPoints_initialise_	16	static
HAMR_Simple_V4_SW_FlightPlanner_Impl_SW_FlightPlanner_Bridge_EntryPoints.c:111:6:HAMR_Simple_V4_SW_FlightPlanner_Impl_SW_FlightPlanner_Bridge_EntryPoints_filter_	496	static
HAMR_Simple_V4_SW_FlightPlanner_Impl_SW_FlightPlanner_Bridge_EntryPoints.c:171:6:HAMR_Simple_V4_SW_FlightPlanner_Impl_SW_FlightPlanner_Bridge_EntryPoints_compute_	624	static
HAMR_Simple_V4_SW_FlightPlanner_Impl_SW_FlightPlanner_Bridge_EntryPoints.c:238:6:HAMR_Simple_V4_SW_FlightPlanner_Impl_SW_FlightPlanner_Bridge_EntryPoints_finalise_	8	static
