RadioDriver_Impl_SW_Radio_api.c:6:6:api_get_AttestationTesterResponse__HAMR_Simple_V4_SW_RadioDriver_Impl_SW_Radio	2176	static
RadioDriver_Impl_SW_Radio_api.c:37:6:api_put_AttestationTesterRequest__HAMR_Simple_V4_SW_RadioDriver_Impl_SW_Radio	2144	static
RadioDriver_Impl_SW_Radio_api.c:64:6:api_put_MissionCommand__HAMR_Simple_V4_SW_RadioDriver_Impl_SW_Radio	2144	static
RadioDriver_Impl_SW_Radio_api.c:91:6:api_logInfo__HAMR_Simple_V4_SW_RadioDriver_Impl_SW_Radio	80	static
RadioDriver_Impl_SW_Radio_api.c:106:6:api_logDebug__HAMR_Simple_V4_SW_RadioDriver_Impl_SW_Radio	80	static
RadioDriver_Impl_SW_Radio_api.c:121:6:api_logError__HAMR_Simple_V4_SW_RadioDriver_Impl_SW_Radio	80	static
RadioDriver_Impl_SW_Radio_api.c:136:6:HAMR_Simple_V4_SW_RadioDriver_Impl_SW_Radio_initialise	8	static
RadioDriver_Impl_SW_Radio_api.c:144:6:HAMR_Simple_V4_SW_RadioDriver_Impl_SW_Radio_finalise	8	static
RadioDriver_Impl_SW_Radio_api.c:152:6:HAMR_Simple_V4_SW_RadioDriver_Impl_SW_Radio_handle_AttestationTesterResponse	8	static
